// Jest Snapshot v1, https://goo.gl/fbAQLP

exports[`PlayCard renders correctly for live player prop parlay 1`] = `null`;
